// Jest Snapshot v1, https://goo.gl/fbAQLP

exports[`Test if footer rendered 1`] = `
<footer>
     
</footer>
`;