// Jest Snapshot v1, https://goo.gl/fbAQLP

exports[`Test for Mission should render 1`] = `
<div>
  <table>
    <thead>
      <tr>
        <th>
          Mission
        </th>
        <th>
          Description
        </th>
        <th
          style={
            Object {
              "paddingLeft": "30px",
            }
          }
        >
          Status
        </th>
        <th>
            
        </th>
      </tr>
    </thead>
  </table>
  <footer>
       
  </footer>
</div>
`;