// Jest Snapshot v1, https://goo.gl/fbAQLP

exports[`Test for Rocket should render 1`] = `
<div
  className="container"
/>
`;